﻿
> build
> vite build

[36mvite v7.3.6 [32mbuilding client environment for production...[36m[39m
transforming...
[32m✓[39m 2542 modules transformed.
node.exe : [31m✗[39m Build failed in 14.05s
At C:\Program Files\nodejs\npm.ps1:29 char:3
+   & $NODE_EXE $NPM_CLI_JS $args
+   ~~~~~~~~~~~~~~~~~~~~~~~~~~~~~
    + CategoryInfo          : NotSpecified: ([31m✗[39m Build failed in 14.05s:String) [], RemoteException
    + FullyQualifiedErrorId : NativeCommandError
 
[31merror during build:
[31mresources/js/Components/ContactSection.tsx (3:26): "Linkedin" is not exported by 
"node_modules/lucide-react/dist/esm/lucide-react.mjs", imported by "resources/js/Components/ContactSection.tsx".[31m
file: [36mD:/Antigravity_Project/reza-fahlevi---pixel-portfolio/resources/js/Components/ContactSection.tsx:3:26[31m
[33m
1: import React, { useState } from "react";
2: import { OWNER_DATA } from "../types";
3: import { Mail, Instagram, Linkedin, Phone, MessageSquare, Send, CheckCircle2 } from "lucide-react";
                             ^
4: 
5: export default function ContactSection() {
[31m
    at getRollupError 
(file:///D:/Antigravity_Project/reza-fahlevi---pixel-portfolio/node_modules/rollup/dist/es/shared/parseAst.js:317:41)
    at error 
(file:///D:/Antigravity_Project/reza-fahlevi---pixel-portfolio/node_modules/rollup/dist/es/shared/parseAst.js:313:42)
    at Module.error (file:///D:/Antigravity_Project/reza-fahlevi---pixel-portfolio/node_modules/rollup/dist/es/shared/n
ode-entry.js:17396:16)
    at Module.traceVariable (file:///D:/Antigravity_Project/reza-fahlevi---pixel-portfolio/node_modules/rollup/dist/es/
shared/node-entry.js:17829:29)
    at ModuleScope.findVariable (file:///D:/Antigravity_Project/reza-fahlevi---pixel-portfolio/node_modules/rollup/dist
/es/shared/node-entry.js:15419:39)
    at FunctionScope.findVariable (file:///D:/Antigravity_Project/reza-fahlevi---pixel-portfolio/node_modules/rollup/di
st/es/shared/node-entry.js:5684:38)
    at FunctionBodyScope.findVariable (file:///D:/Antigravity_Project/reza-fahlevi---pixel-portfolio/node_modules/rollu
p/dist/es/shared/node-entry.js:5684:38)
    at Identifier.bind (file:///D:/Antigravity_Project/reza-fahlevi---pixel-portfolio/node_modules/rollup/dist/es/share
d/node-entry.js:5451:40)
    at CallExpression.bind (file:///D:/Antigravity_Project/reza-fahlevi---pixel-portfolio/node_modules/rollup/dist/es/s
hared/node-entry.js:2829:28)
    at CallExpression.bind (file:///D:/Antigravity_Project/reza-fahlevi---pixel-portfolio/node_modules/rollup/dist/es/s
hared/node-entry.js:12528:15)[39m
